<?xml version="1.0" encoding="utf-8"?><testsuites><testsuite name="pytest" errors="0" failures="0" skipped="0" tests="0" time="0.399" timestamp="2024-07-20T00:12:37.821996" hostname="T470s" /></testsuites>